I'm sorry, but errors were detected in your script. Please correct the
errors listed below, and try again.


File "game/script old.rpy", line 1292: indentation mismatch.

Ren'Py Version: Ren'Py 6.99.6.739
